/file/read-case-data FSP-Lurederra_alumina-end
/file/read-macros "postintime-FSP-Lurederra_alumina.scm"
(rpsetvar 'flow-time 0)
(rpsetvar 'time-step 0)

;Run simulation with stabilized flame
; Set operating conditions

/define/models/dpm/injections/set-injection-properties spray spray no no no particle_injection () no no yes no 1 0.15 no no no no no no 0.47162692609240997 c8h10gas 0.52837307390759 c12h27alo3gas 1.3262911924324612 0 1.740476031658449e-05 298 0 100 0.0006103503047225096
;                                                                                                                                       xylene mf      ASB mf              velocity diameter           mass flow
/define/boundary-conditions/mass-flow-inlet dispersion yes yes no 0.001569650645341566 no 300 no 0 no yes no no yes 5 10 no no 0 no 0 no 0 no 1 no 0 no 0 no 0 yes no 1 no yes no yes no yes yes yes "udf" "N_boundary::FSP" yes yes "udf" "A_boundary::FSP" yes yes "udf" "V_boundary::FSP" no yes
;                                                                mass flow rate
/define/boundary-conditions/mass-flow-inlet pilot_fuel yes yes no 0.00021811603759225512 no 300 no 0 no yes no no yes 5 10 no no 0 no 0.20039980009995007 no 0 no 0.7996001999000499 no 0 no 0 no 0 yes no 1 no yes no yes no yes yes yes "udf" "N_boundary::FSP" yes yes "udf" "A_boundary::FSP" yes yes "udf" "V_boundary::FSP" no yes
;                                                                mass flow rate                                     CH4 mass fraction  O2 mass fraction
/define/boundary-conditions/mass-flow-outlet outlet yes yes no 0.08878336462713234 no yes 300 no 1 no yes no yes no yes yes yes "udf" "N_boundary::FSP" yes yes "udf" "A_boundary::FSP" yes yes "udf" "V_boundary::FSP" no
;                                                            mass flow rate


/solve/set/max-flow-time 1e-4
/solve/set/time-step 5e-6
/solve/dual-time-iterate 20 10

/file/write-case-data FSP-Lurederra_alumina-end2
/report/surface-integrals/flow-rate 5 () udm-33 yes "./Output/FSP-Lurederra_alumina-particle_volume_flux.srp"
/report/surface-integrals/flow-rate 5 () udm-32 yes "./Output/FSP-Lurederra_alumina-particle_area_flux.srp"
~
~
~
~
~
